[     225ms] [INFO] %cDownload the React DevTools for a better development experience: https://react.dev/link/react-devtools font-weight:bold @ http://127.0.0.1:3000/_next/static/chunks/node_modules_next_dist_1e8vcs8._.js:776
[     293ms] [ERROR] WebSocket connection to 'ws://127.0.0.1:3000/_next/hmr?id=2dSMlXrxnGP9Y6BGK1y3t' failed: Error during WebSocket handshake: net::ERR_INVALID_HTTP_RESPONSE @ http://127.0.0.1:3000/_next/static/chunks/node_modules_next_dist_client_0_90u2t._.js:16348
[    1300ms] [ERROR] WebSocket connection to 'ws://127.0.0.1:3000/_next/hmr?id=2dSMlXrxnGP9Y6BGK1y3t' failed: Error during WebSocket handshake: net::ERR_INVALID_HTTP_RESPONSE @ http://127.0.0.1:3000/_next/static/chunks/node_modules_next_dist_client_0_90u2t._.js:16348
[    2303ms] [ERROR] WebSocket connection to 'ws://127.0.0.1:3000/_next/hmr?id=2dSMlXrxnGP9Y6BGK1y3t' failed: Error during WebSocket handshake: net::ERR_INVALID_HTTP_RESPONSE @ http://127.0.0.1:3000/_next/static/chunks/node_modules_next_dist_client_0_90u2t._.js:16348
[    3305ms] [ERROR] WebSocket connection to 'ws://127.0.0.1:3000/_next/hmr?id=2dSMlXrxnGP9Y6BGK1y3t' failed: Error during WebSocket handshake: net::ERR_INVALID_HTTP_RESPONSE @ http://127.0.0.1:3000/_next/static/chunks/node_modules_next_dist_client_0_90u2t._.js:16348
[    4311ms] [ERROR] WebSocket connection to 'ws://127.0.0.1:3000/_next/hmr?id=2dSMlXrxnGP9Y6BGK1y3t' failed: Error during WebSocket handshake: net::ERR_INVALID_HTTP_RESPONSE @ http://127.0.0.1:3000/_next/static/chunks/node_modules_next_dist_client_0_90u2t._.js:16348
[    5315ms] [ERROR] WebSocket connection to 'ws://127.0.0.1:3000/_next/hmr?id=2dSMlXrxnGP9Y6BGK1y3t' failed: Error during WebSocket handshake: net::ERR_INVALID_HTTP_RESPONSE @ http://127.0.0.1:3000/_next/static/chunks/node_modules_next_dist_client_0_90u2t._.js:16348
[   10323ms] [ERROR] WebSocket connection to 'ws://127.0.0.1:3000/_next/hmr?id=2dSMlXrxnGP9Y6BGK1y3t' failed: Error during WebSocket handshake: net::ERR_INVALID_HTTP_RESPONSE @ http://127.0.0.1:3000/_next/static/chunks/node_modules_next_dist_client_0_90u2t._.js:16348
[   15331ms] [ERROR] WebSocket connection to 'ws://127.0.0.1:3000/_next/hmr?id=2dSMlXrxnGP9Y6BGK1y3t' failed: Error during WebSocket handshake: net::ERR_INVALID_HTTP_RESPONSE @ http://127.0.0.1:3000/_next/static/chunks/node_modules_next_dist_client_0_90u2t._.js:16348
[   15554ms] [INFO] %cDownload the React DevTools for a better development experience: https://react.dev/link/react-devtools font-weight:bold @ http://localhost:3000/_next/static/chunks/node_modules_next_dist_1e8vcs8._.js:776
[   15611ms] [LOG] [HMR] connected @ http://localhost:3000/_next/static/chunks/node_modules_next_dist_1e8vcs8._.js:776
[   24898ms] [INFO] %cDownload the React DevTools for a better development experience: https://react.dev/link/react-devtools font-weight:bold @ http://localhost:3000/_next/static/chunks/node_modules_next_dist_1e8vcs8._.js:776
[   24912ms] [LOG] [HMR] connected @ http://localhost:3000/_next/static/chunks/node_modules_next_dist_1e8vcs8._.js:776
[  269124ms] [LOG] [Fast Refresh] done in 38ms @ http://localhost:3000/_next/static/chunks/node_modules_next_dist_1e8vcs8._.js:776
[  269640ms] [LOG] [Fast Refresh] rebuilding @ http://localhost:3000/_next/static/chunks/node_modules_next_dist_1e8vcs8._.js:776
[  269785ms] [LOG] [Fast Refresh] done in 244ms @ http://localhost:3000/_next/static/chunks/node_modules_next_dist_1e8vcs8._.js:776
[  270424ms] [LOG] [Fast Refresh] rebuilding @ http://localhost:3000/_next/static/chunks/node_modules_next_dist_1e8vcs8._.js:776
[  270577ms] [LOG] [Fast Refresh] done in 259ms @ http://localhost:3000/_next/static/chunks/node_modules_next_dist_1e8vcs8._.js:776
[  319097ms] [LOG] [Fast Refresh] rebuilding @ http://localhost:3000/_next/static/chunks/node_modules_next_dist_1e8vcs8._.js:776
[  319386ms] [LOG] [Fast Refresh] done in 389ms @ http://localhost:3000/_next/static/chunks/node_modules_next_dist_1e8vcs8._.js:776
[  319474ms] [INFO] %cDownload the React DevTools for a better development experience: https://react.dev/link/react-devtools font-weight:bold @ http://localhost:3000/_next/static/chunks/node_modules_next_dist_1e8vcs8._.js:776
[  319490ms] [LOG] [HMR] connected @ http://localhost:3000/_next/static/chunks/node_modules_next_dist_1e8vcs8._.js:776
[  337045ms] [LOG] [Fast Refresh] rebuilding @ http://localhost:3000/_next/static/chunks/node_modules_next_dist_1e8vcs8._.js:776
[  337447ms] [LOG] [Fast Refresh] done in 504ms @ http://localhost:3000/_next/static/chunks/node_modules_next_dist_1e8vcs8._.js:776
[  377797ms] [LOG] [Fast Refresh] done in 40733ms @ http://localhost:3000/_next/static/chunks/node_modules_next_dist_1e8vcs8._.js:776
[  377910ms] [LOG] [Fast Refresh] done in 40733ms @ http://localhost:3000/_next/static/chunks/node_modules_next_dist_1e8vcs8._.js:776
[  667127ms] [LOG] [Fast Refresh] done in 40733ms @ http://localhost:3000/_next/static/chunks/node_modules_next_dist_1e8vcs8._.js:776
[  704447ms] [LOG] [Fast Refresh] done in 40733ms @ http://localhost:3000/_next/static/chunks/node_modules_next_dist_1e8vcs8._.js:776
[  704600ms] [LOG] [Fast Refresh] done in 40733ms @ http://localhost:3000/_next/static/chunks/node_modules_next_dist_1e8vcs8._.js:776
[  728567ms] [LOG] [Fast Refresh] rebuilding @ http://localhost:3000/_next/static/chunks/node_modules_next_dist_1e8vcs8._.js:776
[  728698ms] [LOG] [Fast Refresh] done in 232ms @ http://localhost:3000/_next/static/chunks/node_modules_next_dist_1e8vcs8._.js:776
[  728956ms] [LOG] [Fast Refresh] rebuilding @ http://localhost:3000/_next/static/chunks/node_modules_next_dist_1e8vcs8._.js:776
[  729381ms] [LOG] [Fast Refresh] done in 525ms @ http://localhost:3000/_next/static/chunks/node_modules_next_dist_1e8vcs8._.js:776
[  729621ms] [LOG] [Fast Refresh] rebuilding @ http://localhost:3000/_next/static/chunks/node_modules_next_dist_1e8vcs8._.js:776
[  730119ms] [LOG] [Fast Refresh] done in 598ms @ http://localhost:3000/_next/static/chunks/node_modules_next_dist_1e8vcs8._.js:776
[  730333ms] [LOG] [Fast Refresh] rebuilding @ http://localhost:3000/_next/static/chunks/node_modules_next_dist_1e8vcs8._.js:776
[  730632ms] [LOG] [Fast Refresh] done in 399ms @ http://localhost:3000/_next/static/chunks/node_modules_next_dist_1e8vcs8._.js:776
[  741678ms] [LOG] [Fast Refresh] done in 85ms @ http://localhost:3000/_next/static/chunks/node_modules_next_dist_1e8vcs8._.js:776
[  741954ms] [LOG] [Fast Refresh] done in 362ms @ http://localhost:3000/_next/static/chunks/node_modules_next_dist_1e8vcs8._.js:776
[  742200ms] [LOG] [Fast Refresh] done in 607ms @ http://localhost:3000/_next/static/chunks/node_modules_next_dist_1e8vcs8._.js:776
[  833655ms] [LOG] [Fast Refresh] done in 607ms @ http://localhost:3000/_next/static/chunks/node_modules_next_dist_1e8vcs8._.js:776
[  852775ms] [LOG] [Fast Refresh] done in 607ms @ http://localhost:3000/_next/static/chunks/node_modules_next_dist_1e8vcs8._.js:776
[  853468ms] [INFO] %cDownload the React DevTools for a better development experience: https://react.dev/link/react-devtools font-weight:bold @ http://localhost:3000/_next/static/chunks/node_modules_next_dist_1e8vcs8._.js:776
[  853485ms] [LOG] [HMR] connected @ http://localhost:3000/_next/static/chunks/node_modules_next_dist_1e8vcs8._.js:776
[  869405ms] [LOG] [Fast Refresh] rebuilding @ http://localhost:3000/_next/static/chunks/node_modules_next_dist_1e8vcs8._.js:776
[  869673ms] [LOG] [Fast Refresh] done in 371ms @ http://localhost:3000/_next/static/chunks/node_modules_next_dist_1e8vcs8._.js:776
[  877985ms] [LOG] [Fast Refresh] rebuilding @ http://localhost:3000/_next/static/chunks/node_modules_next_dist_1e8vcs8._.js:776
[  877996ms] [LOG] [Fast Refresh] done in 110ms @ http://localhost:3000/_next/static/chunks/node_modules_next_dist_1e8vcs8._.js:776
[ 1005021ms] [LOG] [HMR] connected @ http://localhost:3000/_next/static/chunks/node_modules_next_dist_1e8vcs8._.js:776
[ 1006286ms] [ERROR] Failed to load resource: the server responded with a status of 500 (Internal Server Error) @ http://localhost:3000/w/northwind/settings:0
[ 1006322ms] [INFO] %cDownload the React DevTools for a better development experience: https://react.dev/link/react-devtools font-weight:bold @ http://localhost:3000/_next/static/chunks/node_modules_next_dist_1e8vcs8._.js:776
[ 1006339ms] [LOG] [HMR] connected @ http://localhost:3000/_next/static/chunks/node_modules_next_dist_1e8vcs8._.js:776
[ 1006373ms] Error: D1_EXEC_ERROR: Error in line 1: -- Handoff locker records (HND-047) on Cloudflare D1.: SQL code did not contain a statement.
    at Object.exec (about://React/Server/file:///workspace/handoff/.next/dev/server/chunks/ssr/%5Broot-of-the-server%5D__1973u7v._.js?1:600:13)
    at migrate (about://React/Server/file:///workspace/handoff/.next/dev/server/chunks/ssr/%5Broot-of-the-server%5D__1973u7v._.js?2:166:9)
    at openSession (about://React/Server/file:///workspace/handoff/.next/dev/server/chunks/ssr/%5Broot-of-the-server%5D__1973u7v._.js?3:842:5)
    at WorkspaceLayout (about://React/Server/file:///workspace/handoff/.next/dev/server/chunks/ssr/%5Broot-of-the-server%5D__1973u7v._.js?4:36:29)
    at resolveErrorDev (http://localhost:3000/_next/static/chunks/node_modules_next_dist_compiled_react-server-dom-turbopack_164kp-6._.js:1937:105)
    at processFullStringRow (http://localhost:3000/_next/static/chunks/node_modules_next_dist_compiled_react-server-dom-turbopack_164kp-6._.js:2456:29)
    at processFullBinaryRow (http://localhost:3000/_next/static/chunks/node_modules_next_dist_compiled_react-server-dom-turbopack_164kp-6._.js:2415:9)
    at processBinaryChunk (http://localhost:3000/_next/static/chunks/node_modules_next_dist_compiled_react-server-dom-turbopack_164kp-6._.js:2524:221)
    at progress (http://localhost:3000/_next/static/chunks/node_modules_next_dist_compiled_react-server-dom-turbopack_164kp-6._.js:2711:13)
[ 1115053ms] [LOG] [Fast Refresh] rebuilding @ http://localhost:3000/_next/static/chunks/node_modules_next_dist_1e8vcs8._.js:776
[ 1115266ms] [LOG] [Fast Refresh] done in 263ms @ http://localhost:3000/_next/static/chunks/node_modules_next_dist_1e8vcs8._.js:776
[ 1115387ms] [ERROR] Failed to load resource: the server responded with a status of 500 (Internal Server Error) @ http://localhost:3000/w/northwind/settings:0
[ 1115435ms] [INFO] %cDownload the React DevTools for a better development experience: https://react.dev/link/react-devtools font-weight:bold @ http://localhost:3000/_next/static/chunks/node_modules_next_dist_1e8vcs8._.js:776
[ 1115453ms] [LOG] [HMR] connected @ http://localhost:3000/_next/static/chunks/node_modules_next_dist_1e8vcs8._.js:776
[ 1115486ms] Error: D1_EXEC_ERROR: Error in line 1: -- Handoff locker records (HND-047) on Cloudflare D1.: SQL code did not contain a statement.
    at Object.exec (about://React/Server/file:///workspace/handoff/.next/dev/server/chunks/ssr/%5Broot-of-the-server%5D__1973u7v._.js?1:600:13)
    at migrate (about://React/Server/file:///workspace/handoff/.next/dev/server/chunks/ssr/%5Broot-of-the-server%5D__1973u7v._.js?2:166:9)
    at openSession (about://React/Server/file:///workspace/handoff/.next/dev/server/chunks/ssr/%5Broot-of-the-server%5D__1973u7v._.js?3:842:5)
    at WorkspaceLayout (about://React/Server/file:///workspace/handoff/.next/dev/server/chunks/ssr/%5Broot-of-the-server%5D__1973u7v._.js?4:36:29)
    at resolveErrorDev (http://localhost:3000/_next/static/chunks/node_modules_next_dist_compiled_react-server-dom-turbopack_164kp-6._.js:1937:105)
    at processFullStringRow (http://localhost:3000/_next/static/chunks/node_modules_next_dist_compiled_react-server-dom-turbopack_164kp-6._.js:2456:29)
    at processFullBinaryRow (http://localhost:3000/_next/static/chunks/node_modules_next_dist_compiled_react-server-dom-turbopack_164kp-6._.js:2415:9)
    at processBinaryChunk (http://localhost:3000/_next/static/chunks/node_modules_next_dist_compiled_react-server-dom-turbopack_164kp-6._.js:2524:221)
    at progress (http://localhost:3000/_next/static/chunks/node_modules_next_dist_compiled_react-server-dom-turbopack_164kp-6._.js:2711:13)
[ 1123414ms] [LOG] [Fast Refresh] rebuilding @ http://localhost:3000/_next/static/chunks/node_modules_next_dist_1e8vcs8._.js:776
[ 1123768ms] [LOG] [Fast Refresh] done in 375ms @ http://localhost:3000/_next/static/chunks/node_modules_next_dist_1e8vcs8._.js:776
[ 1123838ms] [ERROR] Failed to load resource: the server responded with a status of 500 (Internal Server Error) @ http://localhost:3000/w/northwind/settings:0
[ 1123861ms] [INFO] %cDownload the React DevTools for a better development experience: https://react.dev/link/react-devtools font-weight:bold @ http://localhost:3000/_next/static/chunks/node_modules_next_dist_1e8vcs8._.js:776
[ 1123875ms] [LOG] [HMR] connected @ http://localhost:3000/_next/static/chunks/node_modules_next_dist_1e8vcs8._.js:776
[ 1123899ms] Error: D1_EXEC_ERROR: Error in line 1: -- Handoff locker records (HND-047) on Cloudflare D1.: SQL code did not contain a statement.
    at Object.exec (about://React/Server/file:///workspace/handoff/.next/dev/server/chunks/ssr/%5Broot-of-the-server%5D__1973u7v._.js?1:600:13)
    at migrate (about://React/Server/file:///workspace/handoff/.next/dev/server/chunks/ssr/%5Broot-of-the-server%5D__1973u7v._.js?2:166:9)
    at openSession (about://React/Server/file:///workspace/handoff/.next/dev/server/chunks/ssr/%5Broot-of-the-server%5D__1973u7v._.js?3:842:5)
    at WorkspaceLayout (about://React/Server/file:///workspace/handoff/.next/dev/server/chunks/ssr/%5Broot-of-the-server%5D__1973u7v._.js?4:36:29)
    at resolveErrorDev (http://localhost:3000/_next/static/chunks/node_modules_next_dist_compiled_react-server-dom-turbopack_164kp-6._.js:1937:105)
    at processFullStringRow (http://localhost:3000/_next/static/chunks/node_modules_next_dist_compiled_react-server-dom-turbopack_164kp-6._.js:2456:29)
    at processFullBinaryRow (http://localhost:3000/_next/static/chunks/node_modules_next_dist_compiled_react-server-dom-turbopack_164kp-6._.js:2415:9)
    at processBinaryChunk (http://localhost:3000/_next/static/chunks/node_modules_next_dist_compiled_react-server-dom-turbopack_164kp-6._.js:2524:221)
    at progress (http://localhost:3000/_next/static/chunks/node_modules_next_dist_compiled_react-server-dom-turbopack_164kp-6._.js:2711:13)
[ 1442069ms] [LOG] [Fast Refresh] rebuilding @ http://localhost:3000/_next/static/chunks/node_modules_next_dist_1e8vcs8._.js:776
[ 1442365ms] [LOG] [Fast Refresh] done in 397ms @ http://localhost:3000/_next/static/chunks/node_modules_next_dist_1e8vcs8._.js:776
[ 1580871ms] [LOG] [HMR] connected @ http://localhost:3000/_next/static/chunks/node_modules_next_dist_1e8vcs8._.js:776
[ 1582177ms] [ERROR] Failed to load resource: the server responded with a status of 500 (Internal Server Error) @ http://localhost:3000/w/northwind/settings:0
[ 1582225ms] [INFO] %cDownload the React DevTools for a better development experience: https://react.dev/link/react-devtools font-weight:bold @ http://localhost:3000/_next/static/chunks/node_modules_next_dist_1e8vcs8._.js:776
[ 1582240ms] [LOG] [HMR] connected @ http://localhost:3000/_next/static/chunks/node_modules_next_dist_1e8vcs8._.js:776
[ 1582265ms] Error: D1_EXEC_ERROR: Error in line 1: -- Handoff locker records (HND-047) on Cloudflare D1.: SQL code did not contain a statement.
    at Object.exec (about://React/Server/file:///workspace/handoff/.next/dev/server/chunks/ssr/%5Broot-of-the-server%5D__1973u7v._.js?1:600:13)
    at migrate (about://React/Server/file:///workspace/handoff/.next/dev/server/chunks/ssr/%5Broot-of-the-server%5D__1973u7v._.js?2:166:9)
    at openSession (about://React/Server/file:///workspace/handoff/.next/dev/server/chunks/ssr/%5Broot-of-the-server%5D__1973u7v._.js?3:842:5)
    at WorkspaceLayout (about://React/Server/file:///workspace/handoff/.next/dev/server/chunks/ssr/%5Broot-of-the-server%5D__1973u7v._.js?4:36:29)
    at resolveErrorDev (http://localhost:3000/_next/static/chunks/node_modules_next_dist_compiled_react-server-dom-turbopack_164kp-6._.js:1937:105)
    at processFullStringRow (http://localhost:3000/_next/static/chunks/node_modules_next_dist_compiled_react-server-dom-turbopack_164kp-6._.js:2456:29)
    at processFullBinaryRow (http://localhost:3000/_next/static/chunks/node_modules_next_dist_compiled_react-server-dom-turbopack_164kp-6._.js:2415:9)
    at processBinaryChunk (http://localhost:3000/_next/static/chunks/node_modules_next_dist_compiled_react-server-dom-turbopack_164kp-6._.js:2524:221)
    at progress (http://localhost:3000/_next/static/chunks/node_modules_next_dist_compiled_react-server-dom-turbopack_164kp-6._.js:2711:13)
[30419935ms] [LOG] [Fast Refresh] rebuilding @ http://localhost:3000/_next/static/chunks/node_modules_next_dist_1e8vcs8._.js:776
[30420047ms] [LOG] [Fast Refresh] done in 213ms @ http://localhost:3000/_next/static/chunks/node_modules_next_dist_1e8vcs8._.js:776
[30441986ms] [LOG] [Fast Refresh] rebuilding @ http://localhost:3000/_next/static/chunks/node_modules_next_dist_1e8vcs8._.js:776
[30443316ms] [LOG] [Fast Refresh] done in 1401ms @ http://localhost:3000/_next/static/chunks/node_modules_next_dist_1e8vcs8._.js:776
[30443434ms] [LOG] [Fast Refresh] done in 1401ms @ http://localhost:3000/_next/static/chunks/node_modules_next_dist_1e8vcs8._.js:776
[30443544ms] [ERROR] Failed to load resource: the server responded with a status of 500 (Internal Server Error) @ http://localhost:3000/w/northwind/settings:0
[30443637ms] [INFO] %cDownload the React DevTools for a better development experience: https://react.dev/link/react-devtools font-weight:bold @ http://localhost:3000/_next/static/chunks/node_modules_next_dist_1e8vcs8._.js:776
[30443662ms] [LOG] [HMR] connected @ http://localhost:3000/_next/static/chunks/node_modules_next_dist_1e8vcs8._.js:776
[30443699ms] Error: D1_EXEC_ERROR: Error in line 1: -- Handoff locker records (HND-047) on Cloudflare D1.: SQL code did not contain a statement.
    at Object.exec (about://React/Server/file:///workspace/handoff/.next/dev/server/chunks/ssr/%5Broot-of-the-server%5D__1973u7v._.js?1:600:13)
    at migrate (about://React/Server/file:///workspace/handoff/.next/dev/server/chunks/ssr/%5Broot-of-the-server%5D__1973u7v._.js?2:166:9)
    at openSession (about://React/Server/file:///workspace/handoff/.next/dev/server/chunks/ssr/%5Broot-of-the-server%5D__1973u7v._.js?3:842:5)
    at WorkspaceLayout (about://React/Server/file:///workspace/handoff/.next/dev/server/chunks/ssr/%5Broot-of-the-server%5D__1973u7v._.js?4:36:29)
    at resolveErrorDev (http://localhost:3000/_next/static/chunks/node_modules_next_dist_compiled_react-server-dom-turbopack_164kp-6._.js:1937:105)
    at processFullStringRow (http://localhost:3000/_next/static/chunks/node_modules_next_dist_compiled_react-server-dom-turbopack_164kp-6._.js:2456:29)
    at processFullBinaryRow (http://localhost:3000/_next/static/chunks/node_modules_next_dist_compiled_react-server-dom-turbopack_164kp-6._.js:2415:9)
    at processBinaryChunk (http://localhost:3000/_next/static/chunks/node_modules_next_dist_compiled_react-server-dom-turbopack_164kp-6._.js:2524:221)
    at progress (http://localhost:3000/_next/static/chunks/node_modules_next_dist_compiled_react-server-dom-turbopack_164kp-6._.js:2711:13)
[30443775ms] TypeError: Failed to execute 'measure' on 'Performance': '​WorkspaceLayout' cannot have a negative time stamp.
    at flushComponentPerformance (http://localhost:3000/_next/static/chunks/node_modules_next_dist_compiled_react-server-dom-turbopack_164kp-6._.js:2206:45)
    at flushComponentPerformance (http://localhost:3000/_next/static/chunks/node_modules_next_dist_compiled_react-server-dom-turbopack_164kp-6._.js:2178:31)
    at flushInitialRenderPerformance (http://localhost:3000/_next/static/chunks/node_modules_next_dist_compiled_react-server-dom-turbopack_164kp-6._.js:2368:74)
[30481130ms] [LOG] [Fast Refresh] rebuilding @ http://localhost:3000/_next/static/chunks/node_modules_next_dist_1e8vcs8._.js:776
[30481164ms] [LOG] [Fast Refresh] done in 88ms @ http://localhost:3000/_next/static/chunks/node_modules_next_dist_1e8vcs8._.js:776
[30481252ms] [LOG] [Fast Refresh] done in 162ms @ http://localhost:3000/_next/static/chunks/node_modules_next_dist_1e8vcs8._.js:776
[30481335ms] [ERROR] Failed to load resource: the server responded with a status of 500 (Internal Server Error) @ http://localhost:3000/w/northwind/settings:0
[30481385ms] [INFO] %cDownload the React DevTools for a better development experience: https://react.dev/link/react-devtools font-weight:bold @ http://localhost:3000/_next/static/chunks/node_modules_next_dist_1e8vcs8._.js:776
[30481402ms] [LOG] [HMR] connected @ http://localhost:3000/_next/static/chunks/node_modules_next_dist_1e8vcs8._.js:776
[30481434ms] Error: D1_EXEC_ERROR: Error in line 1: -- Handoff locker records (HND-047) on Cloudflare D1.: SQL code did not contain a statement.
    at Object.exec (about://React/Server/file:///workspace/handoff/.next/dev/server/chunks/ssr/%5Broot-of-the-server%5D__1973u7v._.js?1:600:13)
    at migrate (about://React/Server/file:///workspace/handoff/.next/dev/server/chunks/ssr/%5Broot-of-the-server%5D__1973u7v._.js?2:166:9)
    at openSession (about://React/Server/file:///workspace/handoff/.next/dev/server/chunks/ssr/%5Broot-of-the-server%5D__1973u7v._.js?3:842:5)
    at WorkspaceLayout (about://React/Server/file:///workspace/handoff/.next/dev/server/chunks/ssr/%5Broot-of-the-server%5D__1973u7v._.js?4:36:29)
    at resolveErrorDev (http://localhost:3000/_next/static/chunks/node_modules_next_dist_compiled_react-server-dom-turbopack_164kp-6._.js:1937:105)
    at processFullStringRow (http://localhost:3000/_next/static/chunks/node_modules_next_dist_compiled_react-server-dom-turbopack_164kp-6._.js:2456:29)
    at processFullBinaryRow (http://localhost:3000/_next/static/chunks/node_modules_next_dist_compiled_react-server-dom-turbopack_164kp-6._.js:2415:9)
    at processBinaryChunk (http://localhost:3000/_next/static/chunks/node_modules_next_dist_compiled_react-server-dom-turbopack_164kp-6._.js:2524:221)
    at progress (http://localhost:3000/_next/static/chunks/node_modules_next_dist_compiled_react-server-dom-turbopack_164kp-6._.js:2711:13)
[30481511ms] TypeError: Failed to execute 'measure' on 'Performance': '​WorkspaceLayout' cannot have a negative time stamp.
    at flushComponentPerformance (http://localhost:3000/_next/static/chunks/node_modules_next_dist_compiled_react-server-dom-turbopack_164kp-6._.js:2206:45)
    at flushComponentPerformance (http://localhost:3000/_next/static/chunks/node_modules_next_dist_compiled_react-server-dom-turbopack_164kp-6._.js:2178:31)
    at flushInitialRenderPerformance (http://localhost:3000/_next/static/chunks/node_modules_next_dist_compiled_react-server-dom-turbopack_164kp-6._.js:2368:74)
